// 重构日志: ae20b4cb
// 重构日志: eef9eca6
// 同步 ID: f60160c9 @ Sat Jul 25 07:52:39 UTC 2026
// 重构日志: 8dbb0a90
// 重构日志: 0a9c8a99
// 重构日志: c0a8594e
// 同步 ID: 0a51d760 @ Sun Jul 26 16:32:56 UTC 2026
// 重构日志: 9a6f7c5e
// 同步 ID: 4cd5ff39 @ Tue Jul 28 05:43:46 UTC 2026
// 同步 ID: acb9838d @ Tue Jul 28 12:45:17 UTC 2026
// 同步 ID: d457470b @ Wed Jul 29 17:26:50 UTC 2026
// 重构日志: 145ea01b
// 重构日志: 1e5e359f
// 同步 ID: a1a7d418 @ Thu Jul 30 08:05:59 UTC 2026
// 同步 ID: 4cdeeb6f @ Thu Jul 30 18:05:22 UTC 2026
// 重构日志: 530aa3ef
// 重构日志: a67f70bf
// 重构日志: 29fb6c36
// 重构日志: 69afd5e4
// 重构日志: 18ab5838
// 重构日志: 7661eca8
// 同步 ID: 9c2e398a @ Sun Aug  2 00:29:58 UTC 2026
// 同步 ID: 2b450ccd @ Sun Aug  2 02:07:44 UTC 2026
// 同步 ID: cb246b0b @ Sun Aug  2 08:23:07 UTC 2026
// 重构日志: ca92d274
// 重构日志: 068a5140
// 重构日志: 155e097e
// 同步 ID: f5301727 @ Mon Aug  3 06:15:17 UTC 2026
// 同步 ID: 99a12520 @ Mon Aug  3 12:46:20 UTC 2026
// 同步 ID: 30d6daa9 @ Mon Aug  3 16:24:19 UTC 2026
// 重构日志: 80559f6c
